--------- beginning of main
10-04 18:52:52.904  4741  4741 E AlphaVideo: Playback failed
10-04 18:52:52.904  4741  4741 E AlphaVideo: java.lang.IllegalStateException: HEVC decoder did not output an alpha plane: Invalid data found when processing input
10-04 18:52:52.904  4741  4741 E AlphaVideo: 	at dev.alphavideo.HevcAlphaDecoder.open(Native Method)
10-04 18:52:52.904  4741  4741 E AlphaVideo: 	at dev.alphavideo.HevcAlphaDecoder.load(HevcAlphaDecoder.kt:15)
10-04 18:52:52.904  4741  4741 E AlphaVideo: 	at dev.alphavideo.AlphaVideo_androidKt$PlatformAlphaVideo$1$1$1.invokeSuspend(AlphaVideo.android.kt:46)
10-04 18:52:52.904  4741  4741 E AlphaVideo: 	at kotlin.coroutines.jvm.internal.BaseContinuationImpl.resumeWith(ContinuationImpl.kt:34)
10-04 18:52:52.904  4741  4741 E AlphaVideo: 	at kotlinx.coroutines.DispatchedTask.run(DispatchedTask.kt:100)
10-04 18:52:52.904  4741  4741 E AlphaVideo: 	at kotlinx.coroutines.internal.LimitedDispatcher$Worker.run(LimitedDispatcher.kt:124)
10-04 18:52:52.904  4741  4741 E AlphaVideo: 	at kotlinx.coroutines.scheduling.TaskImpl.run(Tasks.kt:89)
10-04 18:52:52.904  4741  4741 E AlphaVideo: 	at kotlinx.coroutines.scheduling.CoroutineScheduler.runSafely(CoroutineScheduler.kt:586)
10-04 18:52:52.904  4741  4741 E AlphaVideo: 	at kotlinx.coroutines.scheduling.CoroutineScheduler$Worker.executeTask(CoroutineScheduler.kt:798)
10-04 18:52:52.904  4741  4741 E AlphaVideo: 	at kotlinx.coroutines.scheduling.CoroutineScheduler$Worker.runWorker(CoroutineScheduler.kt:717)
10-04 18:52:52.904  4741  4741 E AlphaVideo: 	at kotlinx.coroutines.scheduling.CoroutineScheduler$Worker.run(CoroutineScheduler.kt:704)
10-04 18:52:52.907  4741  4741 I AlphaVideo: HEVC_ALPHA_CLOSED
10-04 18:53:53.662  4846  4898 I AlphaVideo: HEVC_ALPHA_RGBA width=256 height=256 alpha_min=0 alpha_max=255 semi_pixels=29529 premultiplied=1
10-04 18:53:56.663  4846  4846 I AlphaVideo: HEVC_ALPHA_LOOP cycle=1
10-04 18:53:59.667  4846  4846 I AlphaVideo: HEVC_ALPHA_LOOP cycle=2
10-04 18:54:02.670  4846  4846 I AlphaVideo: HEVC_ALPHA_LOOP cycle=3
10-04 18:54:05.675  4846  4846 I AlphaVideo: HEVC_ALPHA_LOOP cycle=4
10-04 18:54:08.679  4846  4846 I AlphaVideo: HEVC_ALPHA_LOOP cycle=5
10-04 18:54:11.682  4846  4846 I AlphaVideo: HEVC_ALPHA_LOOP cycle=6
10-04 18:54:14.685  4846  4846 I AlphaVideo: HEVC_ALPHA_LOOP cycle=7
10-04 18:54:17.696  4846  4846 I AlphaVideo: HEVC_ALPHA_LOOP cycle=8
10-04 18:54:20.701  4846  4846 I AlphaVideo: HEVC_ALPHA_LOOP cycle=9
10-04 18:54:23.706  4846  4846 I AlphaVideo: HEVC_ALPHA_LOOP cycle=10
10-04 18:54:26.708  4846  4846 I AlphaVideo: HEVC_ALPHA_LOOP cycle=11
10-04 18:54:29.712  4846  4846 I AlphaVideo: HEVC_ALPHA_LOOP cycle=12
10-04 18:54:32.715  4846  4846 I AlphaVideo: HEVC_ALPHA_LOOP cycle=13
10-04 18:54:35.720  4846  4846 I AlphaVideo: HEVC_ALPHA_LOOP cycle=14
10-04 18:54:38.723  4846  4846 I AlphaVideo: HEVC_ALPHA_LOOP cycle=15
10-04 18:54:41.728  4846  4846 I AlphaVideo: HEVC_ALPHA_LOOP cycle=16
10-04 18:54:44.731  4846  4846 I AlphaVideo: HEVC_ALPHA_LOOP cycle=17
10-04 18:54:47.735  4846  4846 I AlphaVideo: HEVC_ALPHA_LOOP cycle=18
10-04 18:54:50.739  4846  4846 I AlphaVideo: HEVC_ALPHA_LOOP cycle=19
10-04 18:54:53.743  4846  4846 I AlphaVideo: HEVC_ALPHA_LOOP cycle=20
10-04 18:54:56.747  4846  4846 I AlphaVideo: HEVC_ALPHA_LOOP cycle=21
10-04 18:54:59.751  4846  4846 I AlphaVideo: HEVC_ALPHA_LOOP cycle=22
10-04 18:55:02.756  4846  4846 I AlphaVideo: HEVC_ALPHA_LOOP cycle=23
10-04 18:55:05.758  4846  4846 I AlphaVideo: HEVC_ALPHA_LOOP cycle=24
10-04 18:55:08.762  4846  4846 I AlphaVideo: HEVC_ALPHA_LOOP cycle=25
10-04 18:55:11.770  4846  4846 I AlphaVideo: HEVC_ALPHA_LOOP cycle=26
10-04 18:55:14.773  4846  4846 I AlphaVideo: HEVC_ALPHA_LOOP cycle=27
10-04 18:55:17.777  4846  4846 I AlphaVideo: HEVC_ALPHA_LOOP cycle=28
10-04 18:55:20.781  4846  4846 I AlphaVideo: HEVC_ALPHA_LOOP cycle=29
10-04 18:55:23.784  4846  4846 I AlphaVideo: HEVC_ALPHA_LOOP cycle=30
10-04 18:55:26.788  4846  4846 I AlphaVideo: HEVC_ALPHA_LOOP cycle=31
10-04 18:55:29.792  4846  4846 I AlphaVideo: HEVC_ALPHA_LOOP cycle=32
10-04 18:55:32.796  4846  4846 I AlphaVideo: HEVC_ALPHA_LOOP cycle=33
10-04 18:55:35.799  4846  4846 I AlphaVideo: HEVC_ALPHA_LOOP cycle=34
10-04 18:55:38.804  4846  4846 I AlphaVideo: HEVC_ALPHA_LOOP cycle=35
10-04 18:55:41.809  4846  4846 I AlphaVideo: HEVC_ALPHA_LOOP cycle=36
10-04 18:55:44.813  4846  4846 I AlphaVideo: HEVC_ALPHA_LOOP cycle=37
10-04 18:55:47.817  4846  4846 I AlphaVideo: HEVC_ALPHA_LOOP cycle=38
10-04 18:55:50.822  4846  4846 I AlphaVideo: HEVC_ALPHA_LOOP cycle=39
10-04 18:56:02.742  4846  4846 I AlphaVideo: HEVC_ALPHA_LOOP cycle=40
10-04 18:56:05.747  4846  4846 I AlphaVideo: HEVC_ALPHA_CLOSED
10-04 18:56:13.896  4846  4899 I AlphaVideo: HEVC_ALPHA_RGBA width=256 height=256 alpha_min=0 alpha_max=255 semi_pixels=29529 premultiplied=1
10-04 18:56:16.897  4846  4846 I AlphaVideo: HEVC_ALPHA_LOOP cycle=1
10-04 18:56:18.879  4846  4899 I AlphaVideo: HEVC_ALPHA_RGBA width=256 height=256 alpha_min=0 alpha_max=255 semi_pixels=29529 premultiplied=1
10-04 18:56:21.880  4846  4846 I AlphaVideo: HEVC_ALPHA_LOOP cycle=1
10-04 18:56:24.883  4846  4846 I AlphaVideo: HEVC_ALPHA_LOOP cycle=2
10-04 18:56:27.887  4846  4846 I AlphaVideo: HEVC_ALPHA_LOOP cycle=3
10-04 18:56:30.891  4846  4846 I AlphaVideo: HEVC_ALPHA_LOOP cycle=4
10-04 18:56:33.897  4846  4846 I AlphaVideo: HEVC_ALPHA_LOOP cycle=5
10-04 18:56:36.900  4846  4846 I AlphaVideo: HEVC_ALPHA_LOOP cycle=6
10-04 18:56:39.904  4846  4846 I AlphaVideo: HEVC_ALPHA_LOOP cycle=7
10-04 18:56:42.908  4846  4846 I AlphaVideo: HEVC_ALPHA_LOOP cycle=8
10-04 18:56:45.912  4846  4846 I AlphaVideo: HEVC_ALPHA_LOOP cycle=9
10-04 18:56:48.915  4846  4846 I AlphaVideo: HEVC_ALPHA_LOOP cycle=10
10-04 18:56:51.919  4846  4846 I AlphaVideo: HEVC_ALPHA_LOOP cycle=11
10-04 18:56:54.924  4846  4846 I AlphaVideo: HEVC_ALPHA_LOOP cycle=12
10-04 18:56:57.928  4846  4846 I AlphaVideo: HEVC_ALPHA_LOOP cycle=13
10-04 18:57:00.933  4846  4846 I AlphaVideo: HEVC_ALPHA_LOOP cycle=14
10-04 18:57:03.940  4846  4846 I AlphaVideo: HEVC_ALPHA_LOOP cycle=15
10-04 18:57:06.944  4846  4846 I AlphaVideo: HEVC_ALPHA_LOOP cycle=16
10-04 18:57:09.947  4846  4846 I AlphaVideo: HEVC_ALPHA_LOOP cycle=17
10-04 18:57:12.950  4846  4846 I AlphaVideo: HEVC_ALPHA_LOOP cycle=18
10-04 18:57:15.954  4846  4846 I AlphaVideo: HEVC_ALPHA_LOOP cycle=19
10-04 18:57:18.959  4846  4846 I AlphaVideo: HEVC_ALPHA_LOOP cycle=20
10-04 18:57:21.962  4846  4846 I AlphaVideo: HEVC_ALPHA_LOOP cycle=21
10-04 18:57:24.966  4846  4846 I AlphaVideo: HEVC_ALPHA_LOOP cycle=22
10-04 18:57:27.970  4846  4846 I AlphaVideo: HEVC_ALPHA_LOOP cycle=23
10-04 18:57:30.973  4846  4846 I AlphaVideo: HEVC_ALPHA_LOOP cycle=24
10-04 18:57:33.977  4846  4846 I AlphaVideo: HEVC_ALPHA_LOOP cycle=25
10-04 18:57:36.980  4846  4846 I AlphaVideo: HEVC_ALPHA_LOOP cycle=26
10-04 18:57:39.984  4846  4846 I AlphaVideo: HEVC_ALPHA_LOOP cycle=27
10-04 18:57:42.989  4846  4846 I AlphaVideo: HEVC_ALPHA_LOOP cycle=28
10-04 18:57:45.992  4846  4846 I AlphaVideo: HEVC_ALPHA_LOOP cycle=29
10-04 18:57:48.996  4846  4846 I AlphaVideo: HEVC_ALPHA_LOOP cycle=30
10-04 18:57:52.036  4846  4846 I AlphaVideo: HEVC_ALPHA_LOOP cycle=31
10-04 18:57:55.047  4846  4846 I AlphaVideo: HEVC_ALPHA_LOOP cycle=32
10-04 18:57:58.184  4846  4846 I AlphaVideo: HEVC_ALPHA_LOOP cycle=33
10-04 18:58:01.262  4846  4846 I AlphaVideo: HEVC_ALPHA_LOOP cycle=34
10-04 18:58:04.508  4846  4846 I AlphaVideo: HEVC_ALPHA_LOOP cycle=35
10-04 18:58:07.538  4846  4846 I AlphaVideo: HEVC_ALPHA_LOOP cycle=36
10-04 18:58:18.221  4846  4846 I AlphaVideo: HEVC_ALPHA_LOOP cycle=37
10-04 18:58:21.250  4846  4846 I AlphaVideo: HEVC_ALPHA_LOOP cycle=38
10-04 18:58:24.256  4846  4846 I AlphaVideo: HEVC_ALPHA_LOOP cycle=39
10-04 18:58:27.261  4846  4846 I AlphaVideo: HEVC_ALPHA_LOOP cycle=40
10-04 18:58:30.266  4846  4846 I AlphaVideo: HEVC_ALPHA_LOOP cycle=41
10-04 18:58:33.268  4846  4846 I AlphaVideo: HEVC_ALPHA_LOOP cycle=42
10-04 18:58:36.272  4846  4846 I AlphaVideo: HEVC_ALPHA_LOOP cycle=43
10-04 18:58:39.277  4846  4846 I AlphaVideo: HEVC_ALPHA_LOOP cycle=44
10-04 18:58:42.280  4846  4846 I AlphaVideo: HEVC_ALPHA_LOOP cycle=45
10-04 18:58:45.287  4846  4846 I AlphaVideo: HEVC_ALPHA_LOOP cycle=46
10-04 18:58:48.291  4846  4846 I AlphaVideo: HEVC_ALPHA_LOOP cycle=47
10-04 18:58:51.297  4846  4846 I AlphaVideo: HEVC_ALPHA_LOOP cycle=48
10-04 18:58:54.302  4846  4846 I AlphaVideo: HEVC_ALPHA_LOOP cycle=49
10-04 18:58:57.306  4846  4846 I AlphaVideo: HEVC_ALPHA_LOOP cycle=50
10-04 18:59:00.310  4846  4846 I AlphaVideo: HEVC_ALPHA_LOOP cycle=51
10-04 18:59:03.312  4846  4846 I AlphaVideo: HEVC_ALPHA_LOOP cycle=52
10-04 18:59:06.319  4846  4846 I AlphaVideo: HEVC_ALPHA_LOOP cycle=53
10-04 18:59:09.322  4846  4846 I AlphaVideo: HEVC_ALPHA_LOOP cycle=54
10-04 18:59:12.324  4846  4846 I AlphaVideo: HEVC_ALPHA_LOOP cycle=55
10-04 18:59:15.328  4846  4846 I AlphaVideo: HEVC_ALPHA_LOOP cycle=56
10-04 18:59:18.332  4846  4846 I AlphaVideo: HEVC_ALPHA_LOOP cycle=57
10-04 18:59:21.336  4846  4846 I AlphaVideo: HEVC_ALPHA_LOOP cycle=58
10-04 18:59:24.339  4846  4846 I AlphaVideo: HEVC_ALPHA_LOOP cycle=59
10-04 18:59:27.342  4846  4846 I AlphaVideo: HEVC_ALPHA_LOOP cycle=60
10-04 18:59:30.347  4846  4846 I AlphaVideo: HEVC_ALPHA_LOOP cycle=61
10-04 18:59:33.351  4846  4846 I AlphaVideo: HEVC_ALPHA_LOOP cycle=62
10-04 18:59:36.354  4846  4846 I AlphaVideo: HEVC_ALPHA_LOOP cycle=63
10-04 18:59:39.357  4846  4846 I AlphaVideo: HEVC_ALPHA_LOOP cycle=64
10-04 18:59:42.360  4846  4846 I AlphaVideo: HEVC_ALPHA_LOOP cycle=65
10-04 18:59:45.364  4846  4846 I AlphaVideo: HEVC_ALPHA_LOOP cycle=66
10-04 18:59:48.373  4846  4846 I AlphaVideo: HEVC_ALPHA_LOOP cycle=67
10-04 18:59:51.383  4846  4846 I AlphaVideo: HEVC_ALPHA_LOOP cycle=68
10-04 18:59:54.387  4846  4846 I AlphaVideo: HEVC_ALPHA_LOOP cycle=69
10-04 18:59:57.390  4846  4846 I AlphaVideo: HEVC_ALPHA_LOOP cycle=70
10-04 19:00:00.394  4846  4846 I AlphaVideo: HEVC_ALPHA_LOOP cycle=71
10-04 19:00:03.399  4846  4846 I AlphaVideo: HEVC_ALPHA_LOOP cycle=72
10-04 19:00:06.405  4846  4846 I AlphaVideo: HEVC_ALPHA_LOOP cycle=73
10-04 19:00:09.408  4846  4846 I AlphaVideo: HEVC_ALPHA_LOOP cycle=74
10-04 19:00:12.413  4846  4846 I AlphaVideo: HEVC_ALPHA_LOOP cycle=75
10-04 19:00:15.416  4846  4846 I AlphaVideo: HEVC_ALPHA_LOOP cycle=76
10-04 19:00:18.420  4846  4846 I AlphaVideo: HEVC_ALPHA_LOOP cycle=77
10-04 19:00:21.424  4846  4846 I AlphaVideo: HEVC_ALPHA_LOOP cycle=78
10-04 19:00:24.428  4846  4846 I AlphaVideo: HEVC_ALPHA_LOOP cycle=79
10-04 19:00:27.433  4846  4846 I AlphaVideo: HEVC_ALPHA_LOOP cycle=80
10-04 19:00:30.437  4846  4846 I AlphaVideo: HEVC_ALPHA_LOOP cycle=81
10-04 19:00:33.440  4846  4846 I AlphaVideo: HEVC_ALPHA_LOOP cycle=82
10-04 19:00:36.447  4846  4846 I AlphaVideo: HEVC_ALPHA_LOOP cycle=83
10-04 19:00:39.451  4846  4846 I AlphaVideo: HEVC_ALPHA_LOOP cycle=84
10-04 19:00:42.456  4846  4846 I AlphaVideo: HEVC_ALPHA_LOOP cycle=85
10-04 19:00:45.461  4846  4846 I AlphaVideo: HEVC_ALPHA_LOOP cycle=86
10-04 19:00:48.464  4846  4846 I AlphaVideo: HEVC_ALPHA_LOOP cycle=87
10-04 19:00:51.468  4846  4846 I AlphaVideo: HEVC_ALPHA_LOOP cycle=88
10-04 19:00:54.471  4846  4846 I AlphaVideo: HEVC_ALPHA_LOOP cycle=89
10-04 19:00:57.474  4846  4846 I AlphaVideo: HEVC_ALPHA_LOOP cycle=90
10-04 19:01:00.476  4846  4846 I AlphaVideo: HEVC_ALPHA_LOOP cycle=91
10-04 19:01:03.480  4846  4846 I AlphaVideo: HEVC_ALPHA_LOOP cycle=92
10-04 19:01:06.487  4846  4846 I AlphaVideo: HEVC_ALPHA_LOOP cycle=93
10-04 19:01:09.490  4846  4846 I AlphaVideo: HEVC_ALPHA_LOOP cycle=94
10-04 19:01:12.494  4846  4846 I AlphaVideo: HEVC_ALPHA_LOOP cycle=95
10-04 19:01:15.497  4846  4846 I AlphaVideo: HEVC_ALPHA_LOOP cycle=96
10-04 19:01:18.500  4846  4846 I AlphaVideo: HEVC_ALPHA_LOOP cycle=97
10-04 19:01:21.504  4846  4846 I AlphaVideo: HEVC_ALPHA_LOOP cycle=98
10-04 19:01:24.512  4846  4846 I AlphaVideo: HEVC_ALPHA_LOOP cycle=99
10-04 19:01:27.515  4846  4846 I AlphaVideo: HEVC_ALPHA_LOOP cycle=100
10-04 19:01:30.517  4846  4846 I AlphaVideo: HEVC_ALPHA_LOOP cycle=101
10-04 19:01:33.521  4846  4846 I AlphaVideo: HEVC_ALPHA_LOOP cycle=102
10-04 19:01:36.530  4846  4846 I AlphaVideo: HEVC_ALPHA_LOOP cycle=103
10-04 19:01:39.535  4846  4846 I AlphaVideo: HEVC_ALPHA_LOOP cycle=104
10-04 19:01:42.540  4846  4846 I AlphaVideo: HEVC_ALPHA_LOOP cycle=105
10-04 19:01:45.545  4846  4846 I AlphaVideo: HEVC_ALPHA_LOOP cycle=106
10-04 19:01:48.549  4846  4846 I AlphaVideo: HEVC_ALPHA_LOOP cycle=107
10-04 19:01:51.552  4846  4846 I AlphaVideo: HEVC_ALPHA_LOOP cycle=108
10-04 19:01:54.557  4846  4846 I AlphaVideo: HEVC_ALPHA_LOOP cycle=109
10-04 19:01:57.561  4846  4846 I AlphaVideo: HEVC_ALPHA_LOOP cycle=110
10-04 19:02:00.565  4846  4846 I AlphaVideo: HEVC_ALPHA_LOOP cycle=111
10-04 19:02:03.569  4846  4846 I AlphaVideo: HEVC_ALPHA_LOOP cycle=112
10-04 19:02:06.572  4846  4846 I AlphaVideo: HEVC_ALPHA_LOOP cycle=113
10-04 19:02:09.577  4846  4846 I AlphaVideo: HEVC_ALPHA_LOOP cycle=114
10-04 19:02:12.580  4846  4846 I AlphaVideo: HEVC_ALPHA_LOOP cycle=115
10-04 19:02:15.583  4846  4846 I AlphaVideo: HEVC_ALPHA_LOOP cycle=116
10-04 19:02:18.587  4846  4846 I AlphaVideo: HEVC_ALPHA_LOOP cycle=117
10-04 19:02:21.590  4846  4846 I AlphaVideo: HEVC_ALPHA_LOOP cycle=118
10-04 19:02:24.594  4846  4846 I AlphaVideo: HEVC_ALPHA_LOOP cycle=119
10-04 19:02:27.598  4846  4846 I AlphaVideo: HEVC_ALPHA_LOOP cycle=120
10-04 19:02:30.602  4846  4846 I AlphaVideo: HEVC_ALPHA_LOOP cycle=121
10-04 19:02:33.606  4846  4846 I AlphaVideo: HEVC_ALPHA_LOOP cycle=122
10-04 19:02:36.608  4846  4846 I AlphaVideo: HEVC_ALPHA_LOOP cycle=123
10-04 19:02:39.612  4846  4846 I AlphaVideo: HEVC_ALPHA_LOOP cycle=124
10-04 19:02:42.619  4846  4846 I AlphaVideo: HEVC_ALPHA_LOOP cycle=125
10-04 19:02:45.627  4846  4846 I AlphaVideo: HEVC_ALPHA_LOOP cycle=126
10-04 19:02:48.630  4846  4846 I AlphaVideo: HEVC_ALPHA_LOOP cycle=127
10-04 19:02:51.633  4846  4846 I AlphaVideo: HEVC_ALPHA_LOOP cycle=128
10-04 19:02:54.638  4846  4846 I AlphaVideo: HEVC_ALPHA_LOOP cycle=129
10-04 19:02:57.642  4846  4846 I AlphaVideo: HEVC_ALPHA_LOOP cycle=130
10-04 19:03:00.646  4846  4846 I AlphaVideo: HEVC_ALPHA_LOOP cycle=131
10-04 19:03:03.650  4846  4846 I AlphaVideo: HEVC_ALPHA_LOOP cycle=132
10-04 19:03:06.654  4846  4846 I AlphaVideo: HEVC_ALPHA_LOOP cycle=133
10-04 19:03:09.659  4846  4846 I AlphaVideo: HEVC_ALPHA_LOOP cycle=134
10-04 19:03:12.666  4846  4846 I AlphaVideo: HEVC_ALPHA_LOOP cycle=135
10-04 19:03:15.670  4846  4846 I AlphaVideo: HEVC_ALPHA_LOOP cycle=136
10-04 19:03:18.674  4846  4846 I AlphaVideo: HEVC_ALPHA_LOOP cycle=137
10-04 19:03:21.707  4846  4846 I AlphaVideo: HEVC_ALPHA_LOOP cycle=138
10-04 19:03:24.710  4846  4846 I AlphaVideo: HEVC_ALPHA_LOOP cycle=139
10-04 19:03:27.713  4846  4846 I AlphaVideo: HEVC_ALPHA_LOOP cycle=140
10-04 19:03:30.716  4846  4846 I AlphaVideo: HEVC_ALPHA_LOOP cycle=141
10-04 19:03:33.719  4846  4846 I AlphaVideo: HEVC_ALPHA_LOOP cycle=142
10-04 19:03:36.723  4846  4846 I AlphaVideo: HEVC_ALPHA_LOOP cycle=143
10-04 19:03:39.727  4846  4846 I AlphaVideo: HEVC_ALPHA_LOOP cycle=144
10-04 19:03:42.730  4846  4846 I AlphaVideo: HEVC_ALPHA_LOOP cycle=145
10-04 19:03:45.734  4846  4846 I AlphaVideo: HEVC_ALPHA_LOOP cycle=146
10-04 19:03:48.737  4846  4846 I AlphaVideo: HEVC_ALPHA_LOOP cycle=147
10-04 19:03:51.740  4846  4846 I AlphaVideo: HEVC_ALPHA_LOOP cycle=148
10-04 19:03:54.744  4846  4846 I AlphaVideo: HEVC_ALPHA_LOOP cycle=149
10-04 19:03:57.748  4846  4846 I AlphaVideo: HEVC_ALPHA_LOOP cycle=150
10-04 19:04:00.752  4846  4846 I AlphaVideo: HEVC_ALPHA_LOOP cycle=151
10-04 19:04:03.807  4846  4846 I AlphaVideo: HEVC_ALPHA_LOOP cycle=152
10-04 19:04:06.818  4846  4846 I AlphaVideo: HEVC_ALPHA_LOOP cycle=153
10-04 19:04:09.822  4846  4846 I AlphaVideo: HEVC_ALPHA_LOOP cycle=154
10-04 19:04:12.826  4846  4846 I AlphaVideo: HEVC_ALPHA_LOOP cycle=155
10-04 19:04:15.830  4846  4846 I AlphaVideo: HEVC_ALPHA_LOOP cycle=156
10-04 19:04:18.832  4846  4846 I AlphaVideo: HEVC_ALPHA_LOOP cycle=157
10-04 19:04:21.836  4846  4846 I AlphaVideo: HEVC_ALPHA_LOOP cycle=158
10-04 19:04:24.841  4846  4846 I AlphaVideo: HEVC_ALPHA_LOOP cycle=159
10-04 19:04:27.844  4846  4846 I AlphaVideo: HEVC_ALPHA_LOOP cycle=160
10-04 19:04:30.848  4846  4846 I AlphaVideo: HEVC_ALPHA_LOOP cycle=161
10-04 19:04:33.852  4846  4846 I AlphaVideo: HEVC_ALPHA_LOOP cycle=162
10-04 19:04:36.856  4846  4846 I AlphaVideo: HEVC_ALPHA_LOOP cycle=163
10-04 19:04:39.859  4846  4846 I AlphaVideo: HEVC_ALPHA_LOOP cycle=164
10-04 19:04:42.862  4846  4846 I AlphaVideo: HEVC_ALPHA_LOOP cycle=165
10-04 19:04:45.865  4846  4846 I AlphaVideo: HEVC_ALPHA_LOOP cycle=166
10-04 19:04:48.870  4846  4846 I AlphaVideo: HEVC_ALPHA_LOOP cycle=167
10-04 19:04:51.874  4846  4846 I AlphaVideo: HEVC_ALPHA_LOOP cycle=168
10-04 19:04:54.876  4846  4846 I AlphaVideo: HEVC_ALPHA_LOOP cycle=169
10-04 19:04:57.879  4846  4846 I AlphaVideo: HEVC_ALPHA_LOOP cycle=170
10-04 19:05:00.882  4846  4846 I AlphaVideo: HEVC_ALPHA_LOOP cycle=171
10-04 19:05:03.887  4846  4846 I AlphaVideo: HEVC_ALPHA_LOOP cycle=172
10-04 19:05:06.890  4846  4846 I AlphaVideo: HEVC_ALPHA_LOOP cycle=173
10-04 19:05:09.893  4846  4846 I AlphaVideo: HEVC_ALPHA_LOOP cycle=174
10-04 19:05:12.897  4846  4846 I AlphaVideo: HEVC_ALPHA_LOOP cycle=175
10-04 19:05:15.903  4846  4846 I AlphaVideo: HEVC_ALPHA_LOOP cycle=176
10-04 19:05:18.906  4846  4846 I AlphaVideo: HEVC_ALPHA_LOOP cycle=177
10-04 19:05:21.910  4846  4846 I AlphaVideo: HEVC_ALPHA_LOOP cycle=178
10-04 19:05:24.913  4846  4846 I AlphaVideo: HEVC_ALPHA_LOOP cycle=179
10-04 19:05:27.918  4846  4846 I AlphaVideo: HEVC_ALPHA_LOOP cycle=180
10-04 19:05:30.922  4846  4846 I AlphaVideo: HEVC_ALPHA_LOOP cycle=181
10-04 19:05:34.909  4846  4846 I AlphaVideo: HEVC_ALPHA_LOOP cycle=182
10-04 19:05:37.913  4846  4846 I AlphaVideo: HEVC_ALPHA_LOOP cycle=183
10-04 19:05:40.917  4846  4846 I AlphaVideo: HEVC_ALPHA_LOOP cycle=184
10-04 19:05:43.922  4846  4846 I AlphaVideo: HEVC_ALPHA_LOOP cycle=185
10-04 19:05:46.927  4846  4846 I AlphaVideo: HEVC_ALPHA_LOOP cycle=186
10-04 19:05:49.932  4846  4846 I AlphaVideo: HEVC_ALPHA_LOOP cycle=187
10-04 19:05:52.936  4846  4846 I AlphaVideo: HEVC_ALPHA_LOOP cycle=188
10-04 19:05:55.942  4846  4846 I AlphaVideo: HEVC_ALPHA_LOOP cycle=189
10-04 19:05:58.946  4846  4846 I AlphaVideo: HEVC_ALPHA_LOOP cycle=190
10-04 19:06:01.950  4846  4846 I AlphaVideo: HEVC_ALPHA_LOOP cycle=191
10-04 19:06:04.954  4846  4846 I AlphaVideo: HEVC_ALPHA_LOOP cycle=192
10-04 19:06:07.958  4846  4846 I AlphaVideo: HEVC_ALPHA_LOOP cycle=193
10-04 19:06:10.962  4846  4846 I AlphaVideo: HEVC_ALPHA_LOOP cycle=194
10-04 19:06:13.965  4846  4846 I AlphaVideo: HEVC_ALPHA_LOOP cycle=195
10-04 19:06:16.968  4846  4846 I AlphaVideo: HEVC_ALPHA_LOOP cycle=196
10-04 19:06:19.971  4846  4846 I AlphaVideo: HEVC_ALPHA_LOOP cycle=197
10-04 19:06:22.975  4846  4846 I AlphaVideo: HEVC_ALPHA_LOOP cycle=198
10-04 19:06:25.979  4846  4846 I AlphaVideo: HEVC_ALPHA_LOOP cycle=199
10-04 19:06:28.982  4846  4846 I AlphaVideo: HEVC_ALPHA_LOOP cycle=200
10-04 19:06:31.986  4846  4846 I AlphaVideo: HEVC_ALPHA_LOOP cycle=201
10-04 19:06:34.990  4846  4846 I AlphaVideo: HEVC_ALPHA_LOOP cycle=202
10-04 19:06:37.994  4846  4846 I AlphaVideo: HEVC_ALPHA_LOOP cycle=203
10-04 19:06:40.997  4846  4846 I AlphaVideo: HEVC_ALPHA_LOOP cycle=204
10-04 19:06:44.000  4846  4846 I AlphaVideo: HEVC_ALPHA_LOOP cycle=205
10-04 19:06:47.004  4846  4846 I AlphaVideo: HEVC_ALPHA_LOOP cycle=206
10-04 19:06:50.009  4846  4846 I AlphaVideo: HEVC_ALPHA_LOOP cycle=207
10-04 19:06:53.013  4846  4846 I AlphaVideo: HEVC_ALPHA_LOOP cycle=208
10-04 19:06:56.016  4846  4846 I AlphaVideo: HEVC_ALPHA_LOOP cycle=209
10-04 19:06:59.021  4846  4846 I AlphaVideo: HEVC_ALPHA_LOOP cycle=210
10-04 19:07:02.024  4846  4846 I AlphaVideo: HEVC_ALPHA_LOOP cycle=211
10-04 19:07:05.028  4846  4846 I AlphaVideo: HEVC_ALPHA_LOOP cycle=212
10-04 19:07:08.031  4846  4846 I AlphaVideo: HEVC_ALPHA_LOOP cycle=213
10-04 19:07:11.034  4846  4846 I AlphaVideo: HEVC_ALPHA_LOOP cycle=214
10-04 19:07:14.038  4846  4846 I AlphaVideo: HEVC_ALPHA_LOOP cycle=215
10-04 19:07:17.043  4846  4846 I AlphaVideo: HEVC_ALPHA_LOOP cycle=216
10-04 19:07:20.046  4846  4846 I AlphaVideo: HEVC_ALPHA_LOOP cycle=217
10-04 19:07:23.050  4846  4846 I AlphaVideo: HEVC_ALPHA_LOOP cycle=218
10-04 19:07:26.054  4846  4846 I AlphaVideo: HEVC_ALPHA_LOOP cycle=219
10-04 19:07:29.057  4846  4846 I AlphaVideo: HEVC_ALPHA_LOOP cycle=220
10-04 19:07:32.059  4846  4846 I AlphaVideo: HEVC_ALPHA_LOOP cycle=221
10-04 19:07:35.063  4846  4846 I AlphaVideo: HEVC_ALPHA_LOOP cycle=222
10-04 19:07:38.067  4846  4846 I AlphaVideo: HEVC_ALPHA_LOOP cycle=223
10-04 19:07:41.070  4846  4846 I AlphaVideo: HEVC_ALPHA_LOOP cycle=224
10-04 19:07:44.074  4846  4846 I AlphaVideo: HEVC_ALPHA_LOOP cycle=225
10-04 19:07:47.076  4846  4846 I AlphaVideo: HEVC_ALPHA_LOOP cycle=226
10-04 19:07:50.080  4846  4846 I AlphaVideo: HEVC_ALPHA_LOOP cycle=227
10-04 19:07:53.084  4846  4846 I AlphaVideo: HEVC_ALPHA_LOOP cycle=228
10-04 19:07:56.089  4846  4846 I AlphaVideo: HEVC_ALPHA_LOOP cycle=229
10-04 19:07:59.092  4846  4846 I AlphaVideo: HEVC_ALPHA_LOOP cycle=230
10-04 19:08:02.096  4846  4846 I AlphaVideo: HEVC_ALPHA_LOOP cycle=231
10-04 19:08:05.101  4846  4846 I AlphaVideo: HEVC_ALPHA_LOOP cycle=232
10-04 19:08:08.106  4846  4846 I AlphaVideo: HEVC_ALPHA_LOOP cycle=233
10-04 19:08:11.111  4846  4846 I AlphaVideo: HEVC_ALPHA_LOOP cycle=234
10-04 19:08:14.116  4846  4846 I AlphaVideo: HEVC_ALPHA_LOOP cycle=235
10-04 19:08:17.120  4846  4846 I AlphaVideo: HEVC_ALPHA_LOOP cycle=236
10-04 19:08:20.125  4846  4846 I AlphaVideo: HEVC_ALPHA_LOOP cycle=237
10-04 19:08:23.128  4846  4846 I AlphaVideo: HEVC_ALPHA_LOOP cycle=238
10-04 19:08:26.131  4846  4846 I AlphaVideo: HEVC_ALPHA_LOOP cycle=239
10-04 19:08:29.134  4846  4846 I AlphaVideo: HEVC_ALPHA_LOOP cycle=240
10-04 19:08:32.138  4846  4846 I AlphaVideo: HEVC_ALPHA_LOOP cycle=241
10-04 19:08:35.143  4846  4846 I AlphaVideo: HEVC_ALPHA_LOOP cycle=242
10-04 19:08:38.146  4846  4846 I AlphaVideo: HEVC_ALPHA_LOOP cycle=243
10-04 19:08:41.148  4846  4846 I AlphaVideo: HEVC_ALPHA_LOOP cycle=244
10-04 19:08:44.153  4846  4846 I AlphaVideo: HEVC_ALPHA_LOOP cycle=245
10-04 19:08:47.158  4846  4846 I AlphaVideo: HEVC_ALPHA_LOOP cycle=246
10-04 19:08:50.161  4846  4846 I AlphaVideo: HEVC_ALPHA_LOOP cycle=247
10-04 19:08:53.163  4846  4846 I AlphaVideo: HEVC_ALPHA_LOOP cycle=248
10-04 19:08:56.166  4846  4846 I AlphaVideo: HEVC_ALPHA_LOOP cycle=249
10-04 19:08:59.170  4846  4846 I AlphaVideo: HEVC_ALPHA_LOOP cycle=250
10-04 19:09:02.173  4846  4846 I AlphaVideo: HEVC_ALPHA_LOOP cycle=251
10-04 19:09:05.177  4846  4846 I AlphaVideo: HEVC_ALPHA_LOOP cycle=252
10-04 19:09:08.180  4846  4846 I AlphaVideo: HEVC_ALPHA_LOOP cycle=253
10-04 19:09:11.183  4846  4846 I AlphaVideo: HEVC_ALPHA_LOOP cycle=254
10-04 19:09:14.187  4846  4846 I AlphaVideo: HEVC_ALPHA_LOOP cycle=255
10-04 19:09:17.234  4846  4846 I AlphaVideo: HEVC_ALPHA_LOOP cycle=256
10-04 19:09:20.291  4846  4846 I AlphaVideo: HEVC_ALPHA_LOOP cycle=257
10-04 19:09:23.295  4846  4846 I AlphaVideo: HEVC_ALPHA_LOOP cycle=258
10-04 19:09:26.300  4846  4846 I AlphaVideo: HEVC_ALPHA_LOOP cycle=259
10-04 19:09:29.305  4846  4846 I AlphaVideo: HEVC_ALPHA_LOOP cycle=260
10-04 19:09:32.309  4846  4846 I AlphaVideo: HEVC_ALPHA_LOOP cycle=261
10-04 19:09:35.312  4846  4846 I AlphaVideo: HEVC_ALPHA_LOOP cycle=262
10-04 19:09:38.315  4846  4846 I AlphaVideo: HEVC_ALPHA_LOOP cycle=263
10-04 19:09:41.317  4846  4846 I AlphaVideo: HEVC_ALPHA_LOOP cycle=264
10-04 19:09:44.320  4846  4846 I AlphaVideo: HEVC_ALPHA_LOOP cycle=265
10-04 19:09:47.324  4846  4846 I AlphaVideo: HEVC_ALPHA_LOOP cycle=266
10-04 19:09:50.331  4846  4846 I AlphaVideo: HEVC_ALPHA_LOOP cycle=267
10-04 19:09:53.335  4846  4846 I AlphaVideo: HEVC_ALPHA_LOOP cycle=268
10-04 19:09:56.339  4846  4846 I AlphaVideo: HEVC_ALPHA_LOOP cycle=269
10-04 19:09:59.343  4846  4846 I AlphaVideo: HEVC_ALPHA_LOOP cycle=270
10-04 19:10:02.347  4846  4846 I AlphaVideo: HEVC_ALPHA_LOOP cycle=271
10-04 19:10:05.350  4846  4846 I AlphaVideo: HEVC_ALPHA_LOOP cycle=272
10-04 19:10:08.355  4846  4846 I AlphaVideo: HEVC_ALPHA_LOOP cycle=273
10-04 19:10:11.372  4846  4846 I AlphaVideo: HEVC_ALPHA_LOOP cycle=274
10-04 19:10:14.377  4846  4846 I AlphaVideo: HEVC_ALPHA_LOOP cycle=275
10-04 19:10:17.392  4846  4846 I AlphaVideo: HEVC_ALPHA_LOOP cycle=276
10-04 19:10:20.396  4846  4846 I AlphaVideo: HEVC_ALPHA_LOOP cycle=277
10-04 19:10:23.399  4846  4846 I AlphaVideo: HEVC_ALPHA_LOOP cycle=278
10-04 19:10:26.404  4846  4846 I AlphaVideo: HEVC_ALPHA_LOOP cycle=279
10-04 19:10:29.409  4846  4846 I AlphaVideo: HEVC_ALPHA_LOOP cycle=280
10-04 19:10:32.414  4846  4846 I AlphaVideo: HEVC_ALPHA_LOOP cycle=281
10-04 19:10:35.418  4846  4846 I AlphaVideo: HEVC_ALPHA_LOOP cycle=282
10-04 19:10:38.425  4846  4846 I AlphaVideo: HEVC_ALPHA_LOOP cycle=283
10-04 19:10:41.434  4846  4846 I AlphaVideo: HEVC_ALPHA_LOOP cycle=284
10-04 19:10:44.439  4846  4846 I AlphaVideo: HEVC_ALPHA_LOOP cycle=285
10-04 19:10:47.444  4846  4846 I AlphaVideo: HEVC_ALPHA_LOOP cycle=286
10-04 19:10:50.448  4846  4846 I AlphaVideo: HEVC_ALPHA_LOOP cycle=287
10-04 19:10:53.451  4846  4846 I AlphaVideo: HEVC_ALPHA_LOOP cycle=288
10-04 19:10:56.455  4846  4846 I AlphaVideo: HEVC_ALPHA_LOOP cycle=289
10-04 19:10:59.460  4846  4846 I AlphaVideo: HEVC_ALPHA_LOOP cycle=290
10-04 19:11:02.464  4846  4846 I AlphaVideo: HEVC_ALPHA_LOOP cycle=291
10-04 19:11:05.469  4846  4846 I AlphaVideo: HEVC_ALPHA_LOOP cycle=292
10-04 19:11:08.475  4846  4846 I AlphaVideo: HEVC_ALPHA_LOOP cycle=293
10-04 19:11:11.480  4846  4846 I AlphaVideo: HEVC_ALPHA_LOOP cycle=294
10-04 19:11:14.485  4846  4846 I AlphaVideo: HEVC_ALPHA_LOOP cycle=295
10-04 19:11:17.491  4846  4846 I AlphaVideo: HEVC_ALPHA_LOOP cycle=296
10-04 19:11:20.496  4846  4846 I AlphaVideo: HEVC_ALPHA_LOOP cycle=297
10-04 19:11:23.501  4846  4846 I AlphaVideo: HEVC_ALPHA_LOOP cycle=298
10-04 19:11:26.505  4846  4846 I AlphaVideo: HEVC_ALPHA_LOOP cycle=299
10-04 19:11:29.509  4846  4846 I AlphaVideo: HEVC_ALPHA_LOOP cycle=300
10-04 19:11:32.512  4846  4846 I AlphaVideo: HEVC_ALPHA_LOOP cycle=301
10-04 19:11:35.518  4846  4846 I AlphaVideo: HEVC_ALPHA_LOOP cycle=302
10-04 19:11:38.524  4846  4846 I AlphaVideo: HEVC_ALPHA_LOOP cycle=303
10-04 19:11:41.530  4846  4846 I AlphaVideo: HEVC_ALPHA_LOOP cycle=304
10-04 19:11:44.534  4846  4846 I AlphaVideo: HEVC_ALPHA_LOOP cycle=305
10-04 19:11:47.539  4846  4846 I AlphaVideo: HEVC_ALPHA_LOOP cycle=306
10-04 19:11:50.546  4846  4846 I AlphaVideo: HEVC_ALPHA_LOOP cycle=307
10-04 19:11:53.549  4846  4846 I AlphaVideo: HEVC_ALPHA_LOOP cycle=308
10-04 19:11:56.552  4846  4846 I AlphaVideo: HEVC_ALPHA_LOOP cycle=309
10-04 19:11:59.557  4846  4846 I AlphaVideo: HEVC_ALPHA_LOOP cycle=310
10-04 19:12:02.562  4846  4846 I AlphaVideo: HEVC_ALPHA_LOOP cycle=311
10-04 19:12:05.565  4846  4846 I AlphaVideo: HEVC_ALPHA_LOOP cycle=312
10-04 19:12:08.570  4846  4846 I AlphaVideo: HEVC_ALPHA_LOOP cycle=313
10-04 19:12:11.583  4846  4846 I AlphaVideo: HEVC_ALPHA_LOOP cycle=314
10-04 19:12:14.588  4846  4846 I AlphaVideo: HEVC_ALPHA_LOOP cycle=315
10-04 19:12:17.593  4846  4846 I AlphaVideo: HEVC_ALPHA_LOOP cycle=316
10-04 19:12:20.598  4846  4846 I AlphaVideo: HEVC_ALPHA_LOOP cycle=317
10-04 19:12:23.605  4846  4846 I AlphaVideo: HEVC_ALPHA_LOOP cycle=318
10-04 19:12:26.611  4846  4846 I AlphaVideo: HEVC_ALPHA_LOOP cycle=319
10-04 19:12:29.615  4846  4846 I AlphaVideo: HEVC_ALPHA_LOOP cycle=320
10-04 19:12:32.621  4846  4846 I AlphaVideo: HEVC_ALPHA_LOOP cycle=321
10-04 19:12:35.625  4846  4846 I AlphaVideo: HEVC_ALPHA_LOOP cycle=322
10-04 19:12:38.630  4846  4846 I AlphaVideo: HEVC_ALPHA_LOOP cycle=323
10-04 19:12:41.635  4846  4846 I AlphaVideo: HEVC_ALPHA_LOOP cycle=324
10-04 19:12:44.638  4846  4846 I AlphaVideo: HEVC_ALPHA_LOOP cycle=325
10-04 19:12:47.643  4846  4846 I AlphaVideo: HEVC_ALPHA_LOOP cycle=326
10-04 19:12:50.651  4846  4846 I AlphaVideo: HEVC_ALPHA_LOOP cycle=327
10-04 19:12:53.657  4846  4846 I AlphaVideo: HEVC_ALPHA_LOOP cycle=328
10-04 19:12:56.660  4846  4846 I AlphaVideo: HEVC_ALPHA_LOOP cycle=329
10-04 19:12:59.665  4846  4846 I AlphaVideo: HEVC_ALPHA_LOOP cycle=330
10-04 19:13:02.668  4846  4846 I AlphaVideo: HEVC_ALPHA_LOOP cycle=331
10-04 19:13:05.671  4846  4846 I AlphaVideo: HEVC_ALPHA_LOOP cycle=332
10-04 19:13:08.675  4846  4846 I AlphaVideo: HEVC_ALPHA_LOOP cycle=333
10-04 19:13:11.679  4846  4846 I AlphaVideo: HEVC_ALPHA_LOOP cycle=334
10-04 19:13:14.683  4846  4846 I AlphaVideo: HEVC_ALPHA_LOOP cycle=335
10-04 19:13:17.687  4846  4846 I AlphaVideo: HEVC_ALPHA_LOOP cycle=336
10-04 19:13:20.692  4846  4846 I AlphaVideo: HEVC_ALPHA_LOOP cycle=337
10-04 19:13:23.699  4846  4846 I AlphaVideo: HEVC_ALPHA_LOOP cycle=338
10-04 19:13:26.703  4846  4846 I AlphaVideo: HEVC_ALPHA_LOOP cycle=339
10-04 19:13:29.708  4846  4846 I AlphaVideo: HEVC_ALPHA_LOOP cycle=340
10-04 19:13:32.712  4846  4846 I AlphaVideo: HEVC_ALPHA_LOOP cycle=341
10-04 19:13:35.716  4846  4846 I AlphaVideo: HEVC_ALPHA_LOOP cycle=342
10-04 19:13:38.720  4846  4846 I AlphaVideo: HEVC_ALPHA_LOOP cycle=343
10-04 19:13:41.724  4846  4846 I AlphaVideo: HEVC_ALPHA_LOOP cycle=344
10-04 19:13:44.729  4846  4846 I AlphaVideo: HEVC_ALPHA_LOOP cycle=345
10-04 19:13:47.733  4846  4846 I AlphaVideo: HEVC_ALPHA_LOOP cycle=346
10-04 19:13:50.738  4846  4846 I AlphaVideo: HEVC_ALPHA_LOOP cycle=347
10-04 19:13:53.742  4846  4846 I AlphaVideo: HEVC_ALPHA_LOOP cycle=348
10-04 19:13:56.746  4846  4846 I AlphaVideo: HEVC_ALPHA_LOOP cycle=349
10-04 19:13:59.750  4846  4846 I AlphaVideo: HEVC_ALPHA_LOOP cycle=350
10-04 19:14:02.755  4846  4846 I AlphaVideo: HEVC_ALPHA_LOOP cycle=351
10-04 19:14:05.761  4846  4846 I AlphaVideo: HEVC_ALPHA_LOOP cycle=352
10-04 19:14:08.766  4846  4846 I AlphaVideo: HEVC_ALPHA_LOOP cycle=353
10-04 19:14:11.770  4846  4846 I AlphaVideo: HEVC_ALPHA_LOOP cycle=354
10-04 19:14:14.773  4846  4846 I AlphaVideo: HEVC_ALPHA_LOOP cycle=355
10-04 19:14:17.778  4846  4846 I AlphaVideo: HEVC_ALPHA_LOOP cycle=356
10-04 19:14:20.783  4846  4846 I AlphaVideo: HEVC_ALPHA_LOOP cycle=357
10-04 19:14:23.787  4846  4846 I AlphaVideo: HEVC_ALPHA_LOOP cycle=358
10-04 19:14:26.790  4846  4846 I AlphaVideo: HEVC_ALPHA_LOOP cycle=359
10-04 19:14:29.794  4846  4846 I AlphaVideo: HEVC_ALPHA_LOOP cycle=360
10-04 19:14:32.798  4846  4846 I AlphaVideo: HEVC_ALPHA_LOOP cycle=361
10-04 19:14:35.803  4846  4846 I AlphaVideo: HEVC_ALPHA_LOOP cycle=362
10-04 19:14:38.807  4846  4846 I AlphaVideo: HEVC_ALPHA_LOOP cycle=363
10-04 19:25:33.752  5719  5769 I AlphaVideo: HEVC_ALPHA_RGBA width=256 height=256 alpha_min=0 alpha_max=255 semi_pixels=29529 premultiplied=1
10-04 19:25:36.756  5719  5719 I AlphaVideo: HEVC_ALPHA_LOOP cycle=1
10-04 19:25:39.759  5719  5719 I AlphaVideo: HEVC_ALPHA_LOOP cycle=2
10-04 19:25:42.763  5719  5719 I AlphaVideo: HEVC_ALPHA_LOOP cycle=3
10-04 19:25:45.766  5719  5719 I AlphaVideo: HEVC_ALPHA_LOOP cycle=4
10-04 19:25:48.770  5719  5719 I AlphaVideo: HEVC_ALPHA_LOOP cycle=5
10-04 19:25:51.772  5719  5719 I AlphaVideo: HEVC_ALPHA_LOOP cycle=6
10-04 19:25:54.776  5719  5719 I AlphaVideo: HEVC_ALPHA_LOOP cycle=7
10-04 19:25:57.782  5719  5719 I AlphaVideo: HEVC_ALPHA_LOOP cycle=8
10-04 19:26:00.784  5719  5719 I AlphaVideo: HEVC_ALPHA_LOOP cycle=9
10-04 19:26:03.790  5719  5719 I AlphaVideo: HEVC_ALPHA_LOOP cycle=10
