> Task :androidApp:preBuild UP-TO-DATE
> Task :androidApp:preDebugBuild UP-TO-DATE
> Task :androidApp:generateDebugResources UP-TO-DATE
> Task :androidApp:packageDebugResources UP-TO-DATE
> Task :alphavideo:androidPreBuild UP-TO-DATE
> Task :alphavideo:preAndroidMainBuild UP-TO-DATE
> Task :alphavideo:generateAndroidMainEmptyResourceFiles UP-TO-DATE
> Task :demo:androidPreBuild UP-TO-DATE
> Task :demo:preAndroidMainBuild UP-TO-DATE
> Task :demo:generateAndroidMainEmptyResourceFiles UP-TO-DATE
> Task :androidApp:processDebugNavigationResources UP-TO-DATE
> Task :androidApp:parseDebugLocalResources UP-TO-DATE
> Task :androidApp:generateDebugRFile UP-TO-DATE
> Task :alphavideo:kmpPartiallyResolvedDependenciesChecker
> Task :alphavideo:checkKotlinGradlePluginConfigurationErrors SKIPPED
> Task :alphavideo:convertXmlValueResourcesForAndroidMain NO-SOURCE
> Task :alphavideo:copyNonXmlValueResourcesForAndroidMain NO-SOURCE
> Task :alphavideo:prepareComposeResourcesTaskForAndroidMain NO-SOURCE
> Task :alphavideo:generateResourceAccessorsForAndroidMain SKIPPED
> Task :alphavideo:convertXmlValueResourcesForCommonMain NO-SOURCE
> Task :alphavideo:copyNonXmlValueResourcesForCommonMain NO-SOURCE
> Task :alphavideo:prepareComposeResourcesTaskForCommonMain NO-SOURCE
> Task :alphavideo:generateResourceAccessorsForCommonMain SKIPPED
> Task :alphavideo:generateActualResourceCollectorsForAndroidMain SKIPPED
> Task :alphavideo:generateComposeResClass SKIPPED
> Task :alphavideo:generateExpectResourceCollectorsForCommonMain SKIPPED
> Task :alphavideo:compileAndroidMain UP-TO-DATE
> Task :alphavideo:bundleAndroidMainClassesToCompileJar UP-TO-DATE
> Task :demo:kmpPartiallyResolvedDependenciesChecker
> Task :demo:checkKotlinGradlePluginConfigurationErrors SKIPPED
> Task :demo:convertXmlValueResourcesForAndroidMain NO-SOURCE
> Task :demo:copyNonXmlValueResourcesForAndroidMain NO-SOURCE
> Task :demo:prepareComposeResourcesTaskForAndroidMain NO-SOURCE
> Task :demo:generateResourceAccessorsForAndroidMain NO-SOURCE
> Task :demo:convertXmlValueResourcesForCommonMain NO-SOURCE
> Task :demo:copyNonXmlValueResourcesForCommonMain UP-TO-DATE
> Task :demo:prepareComposeResourcesTaskForCommonMain UP-TO-DATE
> Task :demo:generateResourceAccessorsForCommonMain UP-TO-DATE
> Task :demo:generateActualResourceCollectorsForAndroidMain UP-TO-DATE
> Task :demo:copyAndroidMainComposeResourcesToAndroidAssets UP-TO-DATE
> Task :demo:packageAndroidMainResources UP-TO-DATE
> Task :demo:parseAndroidMainLocalResources UP-TO-DATE
> Task :demo:generateAndroidMainRFile UP-TO-DATE
> Task :demo:generateComposeResClass UP-TO-DATE
> Task :demo:generateExpectResourceCollectorsForCommonMain UP-TO-DATE
> Task :demo:compileAndroidMain UP-TO-DATE
> Task :demo:bundleAndroidMainClassesToCompileJar UP-TO-DATE
> Task :androidApp:compileDebugKotlin UP-TO-DATE
> Task :androidApp:javaPreCompileDebug UP-TO-DATE
> Task :androidApp:compileDebugJavaWithJavac NO-SOURCE
> Task :androidApp:generateDebugAssets UP-TO-DATE
> Task :demo:generateAndroidMainAssets UP-TO-DATE
> Task :demo:mergeAndroidMainAssets UP-TO-DATE
> Task :androidApp:mergeDebugAssets UP-TO-DATE
> Task :androidApp:compressDebugAssets UP-TO-DATE
> Task :demo:bundleAndroidMainClassesToRuntimeJar UP-TO-DATE
> Task :alphavideo:bundleAndroidMainClassesToRuntimeJar UP-TO-DATE
> Task :androidApp:desugarDebugFileDependencies UP-TO-DATE
> Task :alphavideo:writeAndroidMainAarMetadata UP-TO-DATE
> Task :demo:writeAndroidMainAarMetadata UP-TO-DATE
> Task :androidApp:checkDebugAarMetadata UP-TO-DATE
> Task :androidApp:compileDebugNavigationResources UP-TO-DATE
> Task :androidApp:mapDebugSourceSetPaths UP-TO-DATE
> Task :androidApp:mergeDebugResources UP-TO-DATE
> Task :androidApp:createDebugCompatibleScreenManifests UP-TO-DATE
> Task :alphavideo:processAndroidMainManifest UP-TO-DATE
> Task :androidApp:extractDeepLinksDebug UP-TO-DATE
> Task :demo:processAndroidMainManifest UP-TO-DATE
> Task :androidApp:processDebugMainManifest UP-TO-DATE
> Task :androidApp:processDebugManifest UP-TO-DATE
> Task :androidApp:processDebugManifestForPackage UP-TO-DATE
> Task :demo:compileAndroidMainLibraryResources UP-TO-DATE
> Task :androidApp:processDebugResources UP-TO-DATE
> Task :androidApp:dexBuilderDebug UP-TO-DATE
> Task :androidApp:mergeDebugGlobalSynthetics UP-TO-DATE
> Task :alphavideo:processAndroidMainJavaRes UP-TO-DATE
> Task :androidApp:processDebugJavaRes UP-TO-DATE
> Task :demo:processAndroidMainJavaRes UP-TO-DATE
> Task :androidApp:mergeDebugJavaResource UP-TO-DATE
> Task :androidApp:checkDebugDuplicateClasses UP-TO-DATE
> Task :androidApp:mergeExtDexDebug UP-TO-DATE
> Task :demo:bundleLibRuntimeToDirAndroidMain UP-TO-DATE
> Task :alphavideo:bundleLibRuntimeToDirAndroidMain UP-TO-DATE
> Task :androidApp:mergeProjectDexDebug UP-TO-DATE
> Task :alphavideo:buildAndroidDecoder UP-TO-DATE
> Task :alphavideo:mergeAndroidMainJniLibFolders UP-TO-DATE
> Task :androidApp:mergeLibDexDebug UP-TO-DATE
> Task :alphavideo:mergeAndroidMainNativeLibs UP-TO-DATE
> Task :alphavideo:copyAndroidMainJniLibsProjectOnly UP-TO-DATE
> Task :androidApp:mergeDebugJniLibFolders UP-TO-DATE
> Task :demo:mergeAndroidMainJniLibFolders UP-TO-DATE
> Task :demo:mergeAndroidMainNativeLibs NO-SOURCE
> Task :demo:copyAndroidMainJniLibsProjectOnly UP-TO-DATE
> Task :androidApp:mergeDebugNativeLibs UP-TO-DATE
> Task :androidApp:stripDebugDebugSymbols UP-TO-DATE
> Task :androidApp:validateSigningDebug UP-TO-DATE
> Task :androidApp:writeDebugAppMetadata UP-TO-DATE
> Task :androidApp:writeDebugSigningConfigVersions UP-TO-DATE
> Task :androidApp:packageDebug UP-TO-DATE
> Task :androidApp:createDebugApkListingFileRedirect UP-TO-DATE

> Task :androidApp:installDebug
Installing APK 'androidApp-debug.apk' on 'Pixel_7_API_36(AVD) - 16' for :androidApp:debug
Installed on 1 device.

BUILD SUCCESSFUL in 3s
73 actionable tasks: 3 executed, 70 up-to-date
Consider enabling configuration cache to speed up this build: https://docs.gradle.org/9.1.0/userguide/configuration_cache_enabling.html
Starting: Intent { cmp=dev.alphavideo.demo/.MainActivity }
